{
  "brain_id": "brain-01-product-strategy",
  "brief": "quiero una app moderna de CRM",
  "output": "\n✅ Execution Complete\n============================================================\n\n🧠 brain-01-product-strategy\n------------------------------------------------------------\n  brain_id: brain-01-product-strategy\n  brief: {'problem_statement': 'quiero una app moderna de CRM', 'context': '', 'constraints': [], 'target_audience': None}\n  positioning: \n  target_audience: Software developers and technical teams\n  key_features:\n    - Core feature 1\n    - Core feature 2\n  success_metrics:\n    - User adoption rate\n    - Feature completion rate\n  risks:\n",
  "exit_code": 0
}
